---
source: crates/tinymist-query/src/jump.rs
assertion_line: 288
description: "Jump cursor on ..9 */\nHel|lo Wo|rld\n)"
expression: results
input_file: crates/tinymist-query/src/fixtures/jump_from_cursor/math_text.typ
---
1,85.991pt,78.104pt
1,88.895pt,78.104pt
1,93.779pt,78.104pt
1,97.228pt,78.104pt
1,105.101pt,78.104pt
